9140406250110000251_Charles
9140406250110000251_Natalia
9140414041310000251_Anne
9140414041310000251_NajatS
9140414041310000251_Natalia3
9140414508570000251_Charles
9140414508570000251_NajatS
9140415522630000251_Charles
9140415522630000251_NaimaF
9140415522630000251_NajatS
9140416643730000251_Anne
9140416643730000251_Charles
9140416643730000251_NajatS
9140418506740000251_Anne
9140418506740000251_Charles
9140418506740000251_rima
9140423906650000251_Charles
9140423906650000251_NaimaF
9140423906650000251_rima
9140434168070000251_NaimaF
9140434168070000251_NajatS
9140434168070000251_Natalia3
9140442379260000251_Charles
9140442379260000251_NaimaF
9140587204530000251_AwaS
9140587204530000251_Charles
9140587204530000251_NajatS
9140587672470000251_Anne
9140587672470000251_Charles
9140587672470000251_NajatS
9140597471290000251_Anne
9140597471290000251_Charles
9140597471290000251_rima
9140605451280000251_Anne
9140605451280000251_NaimaF
9140605451280000251_NajatS
9140605676230000251_Charles
9140605676230000251_NaimaF
9140605676230000251_NajatS
9140606203420000251_AwaS
9140606203420000251_Charles
9140606203420000251_Natalia
9140606753790000251_AwaS
9140606753790000251_Charles
9140606753790000251_NaimaF
9140613620710000251_Anne
9140613620710000251_NajatS
9140615705680000251_Anne
9140890699880000251_Charles
9140890699880000251_NaimaF
9140890699880000251_NajatS
9140894412370000251_Charles
9140894412370000251_NaimaF
9140894412370000251_NajatS
9140897916270000251_Charles
9140897916270000251_NajatS
9140897916270000251_rima
9140901325980000251_AwaS
9140901325980000251_Charles
9140901325980000251_NajatS
9140909003770000251_Charles
9140909003770000251_NaimaF
9140910516020000251_Charles
9140910516020000251_NaimaF
9140910516020000251_NajatS
9140926818330000251_Anne
9140926818330000251_Charles
9140926818330000251_NajatS
9140943286990000251_Charles
9140943286990000251_NaimaF
9140943606080000251_Charles
9140943606080000251_NaimaF
9141133040850000251_Charles
9141133040850000251_NaimaF
9141133040850000251_NajatS
9141143589040000251_Anne
9141143589040000251_Charles
9141143589040000251_NajatS
9141149299010000251_Charles
9141149299010000251_NajatS
9141159883070000251_Charles
9141159883070000251_NaimaF
9141159915910000251_Anne
9141159915910000251_Charles
9141159915910000251_rima
9141160565090000251_Anne
9141160565090000251_NaimaF
9141160565090000251_NajatS
9141160853520000251_Anne
9141160853520000251_Charles
9141160853520000251_NajatS
9141167279480000251_Anne_Marie_1
9141167279480000251_Charles
9141167279480000251_rima
9141168999260000251_NajatS
9141168999260000251_Natalia2
9141367157700000251_Charles
9141367157700000251_NajatS
9141372980120000251_Anne
9141372980120000251_NaimaF
9141372980120000251_NajatS
9141374453000000251_AwaS
9141374453000000251_Charles
9141374453000000251_NajatS
9141375586070000251_AwaS
9141375586070000251_Charles
9141375586070000251_NajatS
9141399827980010251_Anne
9141399827980010251_Charles
9141399827980010251_NajatS
9141434125780000251_Anne
9141434125780000251_Charles
9141434125780000251_NajatS
9141434570950000251_Charles
9141434570950000251_NajatS
9141434570950000251_rima
9141436862840000251_Anne
9141436862840000251_Charles
9141436862840000251_NajatS
9141437453130000251_Anne
9141468416390000251_Anne
9141468416390000251_NaimaF
9142299954230000251_NajatS
9141260876890000251_Charles
9141260876890000251_NajatS
9141271009960000251_Charles
9141271009960000251_Natalia2
9141278621550000251_Anne
9141278621550000251_AwaS
9141278621550000251_NajatS
9141279882790010251_Anne
9141279882790010251_Charles
9141279882790010251_NajatS
9141288764500000251_Charles
9141288764500000251_NaimaF
9141288764500000251_NajatS
9141298329110000251_Charles
9141298329110000251_NaimaF
9141298329110000251_rima
9141303590140000251_Anne_Marie_1
9141303590140000251_Charles
9141307031690000251_Anne
9141307031690000251_AwaS
9141307031690000251_NaimaF
9141307776930000251_Charles
9141307776930000251_NajatS
9141324205430000251_Charles
9141565952690000251_Charles
9141565952690000251_NajatS
9141572066610000251_Anne
9141572066610000251_AwaS
9141572066610000251_NaimaF
9141572862660000251_Anne
9141572862660000251_Charles
9141572862660000251_NaimaF
9141574354130010251_Anne
9141574354130010251_Charles
9141574354130010251_NajatS
9141574455460000251_Anne
9141574455460000251_AwaS
9141574455460000251_NaimaF
9141591208530000251_Charles
9141591208530000251_NajatS
9141606651770000251_Charles
9141606651770000251_NaimaF
9141607446370000251_AwaS
9141607446370000251_NajatS
9141608670680000251_Anne
9141608670680000251_AwaS
9141608670680000251_Charles
9141627078770000251_Anne
9141798062060000251_Charles
9141798062060000251_NaimaF
9141798062060000251_NajatS
9141805623980000251_AwaS
9141805623980000251_Charles
9141805623980000251_NaimaF
9141813737370000251_NajatS
9141813737370000251_Natalia2
9141816294440000251_Anne
9141816294440000251_AwaS
9141816294440000251_Charles
9141823668630000251_Anne
9141823668630000251_Charles
9141823668630000251_rima
9141833968940000251_Charles
9141833968940000251_NaimaF
9141841796590000251_AwaS
9141841796590000251_Charles
9141841796590000251_NajatS
9141849817950000251_Anne
9141849817950000251_Charles
9141849817950000251_NajatS
9141857896610000251_Charles
9141857896610000251_Natalia2
